---
source: crates/skel/tests/adherence.rs
expression: md
---
# Skeleton adherence report (human review only)

skeleton: `benchmarks/tasks/condvar/bare_wait_no_predicate/gold.skel`

## main::main

matched Rust fn: `main`; DSL lock depth 0; Rust lock calls 0

| dsl line | statement | status | rust line |
| --- | --- | --- | --- |
| 8 | spawn waiter | matched | 31 |
| 8 | spawn notifier | matched | 33 |

## main::waiter

matched Rust fn: `waiter`; DSL lock depth 1; Rust lock calls 1

| dsl line | statement | status | rust line |
| --- | --- | --- | --- |
| 11 | lock m | matched | 14 |
| 11 | wait cv | matched | 16 |

## main::notifier

matched Rust fn: `notifier`; DSL lock depth 1; Rust lock calls 1

| dsl line | statement | status | rust line |
| --- | --- | --- | --- |
| 14 | lock m | matched | 22 |
| 14 | notify_one cv | matched | 24 |
