---
source: crates/skel/tests/adherence.rs
expression: md
---
# Skeleton adherence report (human review only)

skeleton: `benchmarks/tasks/lock-order/cycle_3lock/gold.skel`

## main::main

matched Rust fn: `main`; DSL lock depth 0; Rust lock calls 9

| dsl line | statement | status | rust line |
| --- | --- | --- | --- |
| 8 | spawn t1 | matched | 15 |
| 8 | spawn t2 | reordered | 27 |
| 8 | spawn t3 | reordered | 43 |

## main::t1

matched Rust fn: `<none>`; DSL lock depth 2; Rust lock calls 0

| dsl line | statement | status | rust line |
| --- | --- | --- | --- |
| 11 | lock a | reordered | 16 |
| 11 | lock b | matched | 17 |

## main::t2

matched Rust fn: `<none>`; DSL lock depth 2; Rust lock calls 0

| dsl line | statement | status | rust line |
| --- | --- | --- | --- |
| 14 | lock b | nesting_mismatch | - |
| 14 | lock c | nesting_mismatch | - |

## main::t3

matched Rust fn: `<none>`; DSL lock depth 2; Rust lock calls 0

| dsl line | statement | status | rust line |
| --- | --- | --- | --- |
| 17 | lock a | nesting_mismatch | - |
| 17 | lock c | nesting_mismatch | - |
