---
source: crates/skel/tests/adherence.rs
expression: md
---
# Skeleton adherence report (human review only)

skeleton: `benchmarks/tasks/channel/send_while_holding_mutex/gold.skel`

## main::main

matched Rust fn: `main`; DSL lock depth 0; Rust lock calls 0

| dsl line | statement | status | rust line |
| --- | --- | --- | --- |
| 7 | spawn s | matched | 6 |
| 7 | spawn r | reordered | 7 |

## main::s

matched Rust fn: `<none>`; DSL lock depth 0; Rust lock calls 0

| dsl line | statement | status | rust line |
| --- | --- | --- | --- |
| 10 | send ch1 | reordered | 6 |

## main::r

matched Rust fn: `<none>`; DSL lock depth 0; Rust lock calls 0

| dsl line | statement | status | rust line |
| --- | --- | --- | --- |
| 13 | recv ch1 | missing | - |
