---
source: crates/skel/tests/adherence.rs
expression: md
---
# Skeleton adherence report (human review only)

skeleton: `benchmarks/tasks/lock-order/cross_module_cycle/gold.skel`

## main::main

matched Rust fn: `main`; DSL lock depth 0; Rust lock calls 4

| dsl line | statement | status | rust line |
| --- | --- | --- | --- |
| 7 | spawn t1 | matched | 8 |
| 7 | spawn other::t2 | reordered | 10 |

## main::t1

matched Rust fn: `<none>`; DSL lock depth 2; Rust lock calls 0

| dsl line | statement | status | rust line |
| --- | --- | --- | --- |
| 10 | lock a | reordered | 8 |
| 10 | lock other::b | matched | 8 |

## other::t2

matched Rust fn: `<none>`; DSL lock depth 2; Rust lock calls 0

| dsl line | statement | status | rust line |
| --- | --- | --- | --- |
| 17 | lock main::a | nesting_mismatch | - |
| 17 | lock b | nesting_mismatch | - |
